bun test v1.2.14 (6a363a38)

backend/src/errors.test.ts:
(pass) serializeError > serializes a standard Error [58.20ms]
(pass) serializeError > serializes a KoryphaiosError [0.29ms]
(pass) serializeError > serializes a string error [0.07ms]
(pass) serializeError > serializes a number error [0.04ms]
(pass) serializeError > serializes an object that is not an Error [0.06ms]
(pass) serializeError > serializes an error with a cause [0.12ms]
(pass) serializeError > parses stack frames correctly (Node/Bun format with function name) [0.22ms]
(pass) serializeError > identifies top project frame correctly [0.10ms]
(pass) serializeError > falls back to first frame if no project frame found [0.07ms]

 9 pass
 0 fail
 26 expect() calls
Ran 9 tests across 1 files. [372.00ms]
